[36mvite v5.4.21 [32mbuilding for production...[36m[39m
transforming...
[32mΓ£ô[39m 1018 modules transformed.
node.exe : [31mx[39m 
Build failed in 4.87s
At C:\nvm4w\nodejs\npx.
ps1:29 char:3
+   & $NODE_EXE 
$NPX_CLI_JS $args
+   ~~~~~~~~~~~~~~~~~~~
~~~~~~~~~~
    + CategoryInfo     
         : NotSpecifi  
  ed: ([31mx[39m B   
 uild failed in 4.8    
7s:String) [], Rem    
oteException
    + FullyQualifiedEr 
   rorId : NativeComm  
  andError
 
[31merror during 
build:
[31m[vite:css] 
[postcss] It looks 
like you're trying to 
use `tailwindcss` 
directly as a PostCSS 
plugin. The PostCSS 
plugin has moved to a 
separate package, so 
to continue using 
Tailwind CSS with 
PostCSS you'll need to 
install 
`@tailwindcss/postcss` 
and update your 
PostCSS 
configuration.[31m
file: [36mD:/Study/pro
jects/fake_news/fake_ne
ws/frontend/src/index.c
ss:undefined:NaN[31m
    at at (D:\Study\pro
jects\fake_news\fake_ne
ws\frontend\node_module
s\tailwindcss\dist\lib.
js:38:1643)
    at 
LazyResult.runOnRoot (D
:\Study\projects\fake_n
ews\fake_news\frontend\
node_modules\postcss\li
b\lazy-result.js:361:16
)
    at 
LazyResult.runAsync (D:
\Study\projects\fake_ne
ws\fake_news\frontend\n
ode_modules\postcss\lib
\lazy-result.js:290:26)
    at async 
compileCSS (file:///D:/
Study/projects/fake_new
s/fake_news/frontend/no
de_modules/vite/dist/no
de/chunks/dep-BK3b2jBa.
js:36898:21)
    at async 
Object.transform (file:
///D:/Study/projects/fa
ke_news/fake_news/front
end/node_modules/vite/d
ist/node/chunks/dep-BK3
b2jBa.js:36171:11)
    at async transform 
(file:///D:/Study/proje
cts/fake_news/fake_news
/frontend/node_modules/
rollup/dist/es/shared/n
ode-entry.js:21269:16)
    at async ModuleLoad
er.addModuleSource (fil
e:///D:/Study/projects/
fake_news/fake_news/fro
ntend/node_modules/roll
up/dist/es/shared/node-
entry.js:21497:36)[39m
